// Jest Snapshot v1, https://goo.gl/fbAQLP

exports[`Test Menu component should not return an error 1`] = `ShallowWrapper {}`;

exports[`Test MenuNav component should not return an error 1`] = `ShallowWrapper {}`;

exports[`Test Title component should not return an error 1`] = `ShallowWrapper {}`;
